bun test v1.3.1 (89fa0f34)

apps/server/src/tools/generate-image-tool.test.ts:
(pass) generate_image tool seed and resolver (U3) > seed creates generate_image tool definition [4.71ms]
(pass) generate_image tool seed and resolver (U3) > unsupported-handler cleanup retains generate_image after seed [0.51ms]
(pass) generate_image tool seed and resolver (U3) > seedDatabase includes generate_image and Super Agent is not auto-assigned [82.63ms]
(pass) generate_image tool seed and resolver (U3) > resolver returns runnable generate_image for assigned profile [2.96ms]
(pass) generate_image tool seed and resolver (U3) > unassigned profile session does not expose generate_image [0.68ms]
(pass) generate_image tool seed and resolver (U3) > assigned profile tool list includes generate_image once [0.17ms]
(pass) generate_image tool persistence (U4) > prompt produces PNG path + sidecar + attachmentId [6.92ms]
(pass) generate_image tool persistence (U4) > records the request with zero tokens when the model reports no usage [2.49ms]
(pass) generate_image tool persistence (U4) > filename collision gets unique suffix and remapped sidecar pairs on disk [2.10ms]
(pass) generate_image tool persistence (U4) > unset model returns error and writes no files (AE2) [2.41ms]
(pass) generate_image tool persistence (U4) > provider failure writes no partial sidecar or attachment [1.21ms]
(pass) generate_image tool persistence (U4) > tool result includes path, mimeType, sizeBytes, attachmentId, model [2.08ms]

apps/server/src/services/artifact-producer-seam.test.ts:
(pass) saveFileArtifact freezes caller bytes before awaits; disk, revision and private publication agree [14.70ms]
(pass) oversized byte outputs reject before workspace mutation and preserve an existing spreadsheet [1.57ms]
(pass) nested cwd docx retains its real file receipt when the canonical publication destination is unsupported [70.34ms]
(pass) nested cwd pptx retains its real file receipt when the canonical publication destination is unsupported [16.44ms]
(pass) generic writes and edits publish only explicit deliverables and reject invalid destinations before mutation [12.11ms]
(pass) nested document helpers assign distinct ordinals without publishing materialized sources or reads [137.34ms]
(pass) spreadsheet creates and exports stage exact complete bytes; reads do not stage [66.45ms]
(pass) low-level versioned writers freeze mutable bytes before IO and revision calculation [1.74ms]
(pass) storage preserves original workspace receipts and blocks the complete publication set without producer replay [3.25ms]
(pass) invalid-stage preserves original workspace receipts and blocks the complete publication set without producer replay [7.20ms]
(pass) throwing bytes getter reaches trusted failure boundary and poisons earlier staged output [3.76ms]
(pass) throwing sourcePath getter reaches trusted failure boundary and poisons earlier staged output [1.89ms]
(pass) one invocation owns ordinals across overlapping nested saves; a second publisher starts independently [3.62ms]
(pass) symlinked profile root produces canonical relative publication paths [11.86ms]
(pass) generated image stages the same bytes as its file and preserves success when staging rejects [2.59ms]
(pass) ArtifactService captures buffer before awaits, and browser screenshot/download forward one capability per output [15.10ms]
(pass) all direct core producers retain successful effect receipts when publication storage fails [25.18ms]
(pass) generic explicit edit rejects outside artifacts before changing the file [2.23ms]
(pass) tool input cannot choose output ordinal or publication ownership [3.87ms]

apps/server/src/services/artifact-publication-service.test.ts:
(pass) sqlite authoritative publication > overlapping sessions publish only their explicit captured bytes; workspace overwrite is harmless [35.95ms]
(pass) sqlite authoritative publication > failed completed operations and cancellation never publish staged outputs or delete user files [34.97ms]
(pass) sqlite authoritative publication > forged tool metadata cannot create, reassign or finalize publications [34.31ms]
(pass) sqlite authoritative publication > exact retries across controllers are idempotent; differing bytes, metadata or output sets conflict atomically [34.31ms]
(pass) sqlite authoritative publication > wrong scopes and guessed IDs fail; current authorization and revocation remain authoritative [26.56ms]
(pass) sqlite authoritative publication > uncertain post-commit DB error retries persistence without replaying producer [23.40ms]
(pass) sqlite authoritative publication > deleted and recreated sessions cannot resurrect old publication authority [24.63ms]
(pass) sqlite authoritative publication > blob staging failure preserves existing user output and cannot publish a partial set [37.36ms]
(pass) sqlite authoritative publication > repeated exact staging is idempotent and differing same-ordinal bytes conflict [156.60ms]
(pass) sqlite authoritative publication > a staging error cannot be ignored to commit only the other outputs [27.99ms]
(pass) sqlite authoritative publication > an insertion conflict rolls back every output and the execution reservation [45.71ms]
(pass) sqlite authoritative publication > unrestricted-host tampering is detected, never mislabeled immutable [20.61ms]
(pass) sqlite authoritative publication > revocation while a read is in flight blocks returned bytes [23.66ms]
(pass) sqlite authoritative publication > producer buffers are captured before await and private storage cannot overlap admitted roots [22.84ms]
(pass) memory authoritative publication > overlapping sessions publish only their explicit captured bytes; workspace overwrite is harmless [2.30ms]
(pass) memory authoritative publication > failed completed operations and cancellation never publish staged outputs or delete user files [3.84ms]
(pass) memory authoritative publication > forged tool metadata cannot create, reassign or finalize publications [1.79ms]
(pass) memory authoritative publication > exact retries across controllers are idempotent; differing bytes, metadata or output sets conflict atomically [3.76ms]
(pass) memory authoritative publication > wrong scopes and guessed IDs fail; current authorization and revocation remain authoritative [1.64ms]
(pass) memory authoritative publication > uncertain post-commit DB error retries persistence without replaying producer [3.99ms]
(pass) memory authoritative publication > deleted and recreated sessions cannot resurrect old publication authority [1.40ms]
(pass) memory authoritative publication > blob staging failure preserves existing user output and cannot publish a partial set [1.03ms]
(pass) memory authoritative publication > repeated exact staging is idempotent and differing same-ordinal bytes conflict [1.32ms]
(pass) memory authoritative publication > a staging error cannot be ignored to commit only the other outputs [1.18ms]
(pass) memory authoritative publication > an insertion conflict rolls back every output and the execution reservation [1.43ms]
(pass) memory authoritative publication > unrestricted-host tampering is detected, never mislabeled immutable [1.32ms]
(pass) memory authoritative publication > revocation while a read is in flight blocks returned bytes [1.64ms]
(pass) memory authoritative publication > producer buffers are captured before await and private storage cannot overlap admitted roots [2.45ms]
(pass) SQLite concurrent connections and restart preserve exact committed bytes and idempotency [41.54ms]

apps/server/src/services/artifact-service.test.ts:
(pass) ArtifactService > detects common MIME types accurately [0.63ms]
(pass) ArtifactService > saved artifacts remain readable through a symlinked configuration root [1.59ms]
(pass) ArtifactService > saves, lists, inspects, reads, and deletes artifacts [7.07ms]

packages/core/src/tools/builtin-publication.test.ts:
(pass) B02 writing the returned absolute txt artifact path preserves its original bytes [7.62ms]
(pass) B02 writing the returned absolute docx artifact path preserves its original bytes [11.68ms]
(pass) B02 writing the returned absolute pptx artifact path preserves its original bytes [11.25ms]
(pass) B03 metadata enrichment preserves the content version's lineage [4.62ms]
(pass) B04 same relative artifact names in different working directories keep independent metadata [3.59ms]
(pass) B05 docx creation and metadata wait for the profile mutation lock [9.16ms]
(pass) B01 simultaneous docx creation keeps every complete result [53.13ms]
(pass) B05 pptx creation and metadata wait for the profile mutation lock [8.49ms]
(pass) B01 simultaneous pptx creation keeps every complete result [28.47ms]

packages/core/src/tools/spreadsheet-io.test.ts:
(pass) spreadsheet preflight validates actual expansion before handing a ZIP to ExcelJS [47.70ms]

 73 pass
 0 fail
 343 expect() calls
Ran 73 tests across 6 files. [3.54s]
