bun test v1.3.1 (89fa0f34)

packages/agent/src/chat-turn-admission.test.ts:
69 |           expect(name).toBe("effect");
70 |           guards.push("first");
71 |         },
72 |       });
73 |       expect(effects).toBe(1);
74 |       expect(stages).toEqual(["first"]);
                          ^
error: expect(received).toEqual(expected)

  [
-   "first",
+   "session-default",
  ]

- Expected  - 1
+ Received  + 1

      at <anonymous> (/private/tmp/atlas-publication-turn-principal-c5/source/packages/agent/src/chat-turn-admission.test.ts:74:22)
(fail) API send binds fresh per-turn guards and publication lifecycles [47.97ms]
69 |           expect(name).toBe("effect");
70 |           guards.push("first");
71 |         },
72 |       });
73 |       expect(effects).toBe(1);
74 |       expect(stages).toEqual(["first"]);
                          ^
error: expect(received).toEqual(expected)

  [
-   "first",
+   "session-default",
  ]

- Expected  - 1
+ Received  + 1

      at <anonymous> (/private/tmp/atlas-publication-turn-principal-c5/source/packages/agent/src/chat-turn-admission.test.ts:74:22)
(fail) API stream binds fresh per-turn guards and publication lifecycles [1.10ms]
69 |           expect(name).toBe("effect");
70 |           guards.push("first");
71 |         },
72 |       });
73 |       expect(effects).toBe(1);
74 |       expect(stages).toEqual(["first"]);
                          ^
error: expect(received).toEqual(expected)

  [
-   "first",
+   "session-default",
  ]

- Expected  - 1
+ Received  + 1

      at <anonymous> (/private/tmp/atlas-publication-turn-principal-c5/source/packages/agent/src/chat-turn-admission.test.ts:74:22)
(fail) native send binds fresh per-turn guards and publication lifecycles [1.51ms]
69 |           expect(name).toBe("effect");
70 |           guards.push("first");
71 |         },
72 |       });
73 |       expect(effects).toBe(1);
74 |       expect(stages).toEqual(["first"]);
                          ^
error: expect(received).toEqual(expected)

  [
-   "first",
+   "session-default",
  ]

- Expected  - 1
+ Received  + 1

      at <anonymous> (/private/tmp/atlas-publication-turn-principal-c5/source/packages/agent/src/chat-turn-admission.test.ts:74:22)
(fail) native stream binds fresh per-turn guards and publication lifecycles [0.54ms]

 0 pass
 4 fail
 8 expect() calls
Ran 4 tests across 1 file. [1042.00ms]
