bun test v1.3.1 (89fa0f34)

packages/db/src/artifact-publication-page.test.ts:
(pass) memory publication pages > each exact organization/profile/session sees only its own active outputs [9.87ms]
(pass) memory publication pages > keyset pages exhaust equal timestamps without duplicate or missing outputs and exclude revoked records [2.32ms]
(pass) memory publication pages > revoking the previous page boundary does not omit remaining outputs [1.38ms]
(pass) memory publication pages > Unicode cursor boundaries use byte ordering while committed publication IDs stay constrained [2.53ms]
(pass) memory publication pages > invalid limits and malformed cursor fields reject without changing stored outputs [0.92ms]
(pass) memory publication pages > archived organizations hide existing pages and point lookups [0.41ms]
(pass) memory publication pages > deleted session scope cannot resurrect publication pages when identifiers are reused [0.98ms]
(pass) memory publication pages > deleted profile scope cannot resurrect publication pages when identifiers are reused [1.44ms]
(pass) memory publication pages > listing preserves existing commit idempotency, conflicts, ordinal order and revocation behavior [1.22ms]
(pass) sqlite publication pages > each exact organization/profile/session sees only its own active outputs [26.26ms]
(pass) sqlite publication pages > keyset pages exhaust equal timestamps without duplicate or missing outputs and exclude revoked records [12.02ms]
(pass) sqlite publication pages > revoking the previous page boundary does not omit remaining outputs [10.77ms]
(pass) sqlite publication pages > Unicode cursor boundaries use byte ordering while committed publication IDs stay constrained [19.78ms]
(pass) sqlite publication pages > invalid limits and malformed cursor fields reject without changing stored outputs [11.86ms]
(pass) sqlite publication pages > archived organizations hide existing pages and point lookups [10.43ms]
(pass) sqlite publication pages > deleted session scope cannot resurrect publication pages when identifiers are reused [14.35ms]
(pass) sqlite publication pages > deleted profile scope cannot resurrect publication pages when identifiers are reused [23.58ms]
(pass) sqlite publication pages > listing preserves existing commit idempotency, conflicts, ordinal order and revocation behavior [12.19ms]
(pass) publication key comparison agrees with actual SQLite BINARY for Unicode and supplementary ID characters [0.80ms]

apps/server/src/services/selected-artifact-capture.test.ts:
(pass) captures explicit existing bytes with bound identity, size and digest while preserving source [903.35ms]
(pass) rejects noncanonical, hidden, sidecar, traversal and absolute selections [42.36ms]
(pass) rejects root/parent/final symlinks and hardlinked foreign files [779.08ms]
(pass) replacing the profile root cannot refresh the captured root authority [166.25ms]
(pass) directory rename and foreign symlink replacement after open returns no usable bytes [48.22ms]
(pass) directory rename and real foreign-directory replacement after open returns no usable bytes [48.12ms]
(pass) root replacement after its descriptor is opened returns no usable bytes [46.66ms]
(pass) an added hardlink after open fails the post-read identity check [40.22ms]
(pass) same-size mutation during a bounded multichunk read returns no partial bytes [37.09ms]
(pass) oversized files and cancelled requests never return captured bytes [87.11ms]
(pass) captures empty and exactly maximum-size regular files [875.16ms]
(pass) FIFO capture rejects without waiting for another process to open it [142.76ms]
(pass) renaming a parent away and back is detected even when its final inode matches [49.58ms]
(pass) file replacement after open cannot substitute a different selected file [42.70ms]
(pass) worker stdout and stderr overruns fail closed with no usable capture [498.86ms]
(pass) cancelling an in-flight worker waits for termination and returns no bytes [128.76ms]
(pass) the fixed deadline terminates a stalled worker [10016.58ms]

apps/server/src/services/artifact-publication-service.test.ts:
(pass) sqlite authoritative publication > overlapping sessions publish only their explicit captured bytes; workspace overwrite is harmless [46.94ms]
(pass) sqlite authoritative publication > failed completed operations and cancellation never publish staged outputs or delete user files [23.37ms]
(pass) sqlite authoritative publication > forged tool metadata cannot create, reassign or finalize publications [17.76ms]
(pass) sqlite authoritative publication > exact retries across controllers are idempotent; differing bytes, metadata or output sets conflict atomically [18.92ms]
(pass) sqlite authoritative publication > wrong scopes and guessed IDs fail; current authorization and revocation remain authoritative [16.38ms]
(pass) sqlite authoritative publication > uncertain post-commit DB error retries persistence without replaying producer [14.48ms]
(pass) sqlite authoritative publication > deleted and recreated sessions cannot resurrect old publication authority [17.49ms]
(pass) sqlite authoritative publication > blob staging failure preserves existing user output and cannot publish a partial set [14.69ms]
(pass) sqlite authoritative publication > repeated exact staging is idempotent and differing same-ordinal bytes conflict [17.24ms]
(pass) sqlite authoritative publication > a staging error cannot be ignored to commit only the other outputs [15.43ms]
(pass) sqlite authoritative publication > an insertion conflict rolls back every output and the execution reservation [14.21ms]
(pass) sqlite authoritative publication > unrestricted-host tampering is detected, never mislabeled immutable [18.13ms]
(pass) sqlite authoritative publication > revocation while a read is in flight blocks returned bytes [19.75ms]
(pass) sqlite authoritative publication > producer buffers are captured before await and private storage cannot overlap admitted roots [14.80ms]
(pass) memory authoritative publication > overlapping sessions publish only their explicit captured bytes; workspace overwrite is harmless [2.27ms]
(pass) memory authoritative publication > failed completed operations and cancellation never publish staged outputs or delete user files [4.20ms]
(pass) memory authoritative publication > forged tool metadata cannot create, reassign or finalize publications [1.52ms]
(pass) memory authoritative publication > exact retries across controllers are idempotent; differing bytes, metadata or output sets conflict atomically [3.05ms]
(pass) memory authoritative publication > wrong scopes and guessed IDs fail; current authorization and revocation remain authoritative [1.13ms]
(pass) memory authoritative publication > uncertain post-commit DB error retries persistence without replaying producer [1.13ms]
(pass) memory authoritative publication > deleted and recreated sessions cannot resurrect old publication authority [1.05ms]
(pass) memory authoritative publication > blob staging failure preserves existing user output and cannot publish a partial set [0.85ms]
(pass) memory authoritative publication > repeated exact staging is idempotent and differing same-ordinal bytes conflict [1.23ms]
(pass) memory authoritative publication > a staging error cannot be ignored to commit only the other outputs [0.97ms]
(pass) memory authoritative publication > an insertion conflict rolls back every output and the execution reservation [1.07ms]
(pass) memory authoritative publication > unrestricted-host tampering is detected, never mislabeled immutable [1.15ms]
(pass) memory authoritative publication > revocation while a read is in flight blocks returned bytes [1.12ms]
(pass) memory authoritative publication > producer buffers are captured before await and private storage cannot overlap admitted roots [2.82ms]
(pass) SQLite concurrent connections and restart preserve exact committed bytes and idempotency [34.94ms]

apps/server/src/services/selected-artifact-publication.test.ts:
(pass) memory: selected evidence commits distinctly and conflicts with generated relabeling [76.09ms]
(pass) memory: mixed finalization awaits reserved capture and exposes only the public evidence class [66.85ms]
(pass) memory: repeated selection and persistence retry retain one snapshot without rereading the file [63.20ms]
(pass) memory: separate explicit selection attempts deduplicate unchanged evidence and conflict after metadata change [186.19ms]
(pass) memory: failed selected capture poisons the mixed set and leaves original files intact [62.07ms]
(pass) memory: evidence-class collision on one ordinal poisons the whole set [63.94ms]
(pass) memory: DB refuses missing, forged, mismatched and excessive capture evidence [62.95ms]
(pass) memory: generated byte fingerprints and producer authority remain unchanged [1.94ms]
(pass) memory: current revocation during post-capture authorization denies all publication [62.34ms]
(pass) memory: selected storage failure preserves source and never automatically recaptures [61.52ms]
(pass) sqlite: selected evidence commits distinctly and conflicts with generated relabeling [78.14ms]
(pass) sqlite: mixed finalization awaits reserved capture and exposes only the public evidence class [81.42ms]
(pass) sqlite: repeated selection and persistence retry retain one snapshot without rereading the file [82.07ms]
(pass) sqlite: separate explicit selection attempts deduplicate unchanged evidence and conflict after metadata change [206.71ms]
(pass) sqlite: failed selected capture poisons the mixed set and leaves original files intact [78.99ms]
(pass) sqlite: evidence-class collision on one ordinal poisons the whole set [77.77ms]
(pass) sqlite: DB refuses missing, forged, mismatched and excessive capture evidence [80.61ms]
(pass) sqlite: generated byte fingerprints and producer authority remain unchanged [17.30ms]
(pass) sqlite: current revocation during post-capture authorization denies all publication [78.72ms]
(pass) sqlite: selected storage failure preserves source and never automatically recaptures [77.70ms]
(pass) strict publication paths reject before capture authorization and poison prior generated output [2.90ms]
(pass) the current signal reaches capture after anchoring and cancellation yields no usable publication [35.40ms]
(pass) revocation before selection prevents capture initialization [1.92ms]
(pass) pending mixed-set cancellation never commits an earlier generated output [1.61ms]
(pass) structured failed results discard selected outputs and preserve workspace files [63.88ms]
(pass) selection binds actual profile scope and ignores additional owner/root selectors [68.89ms]
(pass) selection reserves its output before a reentrant trusted authorization callback finalizes [65.48ms]

 92 pass
 0 fail
 594 expect() calls
Ran 92 tests across 4 files. [18.40s]
