bun test v1.3.1 (89fa0f34)

packages/db/src/artifact-publication-page.test.ts:
(pass) memory publication pages > each exact organization/profile/session sees only its own active outputs [6.86ms]
(pass) memory publication pages > keyset pages exhaust equal timestamps without duplicate or missing outputs and exclude revoked records [4.45ms]
(pass) memory publication pages > revoking the previous page boundary does not omit remaining outputs [0.35ms]
(pass) memory publication pages > Unicode cursor boundaries use byte ordering while committed publication IDs stay constrained [0.64ms]
(pass) memory publication pages > invalid limits and malformed cursor fields reject without changing stored outputs [0.41ms]
(pass) memory publication pages > archived organizations hide existing pages and point lookups [0.20ms]
(pass) memory publication pages > deleted session scope cannot resurrect publication pages when identifiers are reused [0.39ms]
(pass) memory publication pages > deleted profile scope cannot resurrect publication pages when identifiers are reused [0.21ms]
(pass) memory publication pages > listing preserves existing commit idempotency, conflicts, ordinal order and revocation behavior [0.35ms]
(pass) sqlite publication pages > each exact organization/profile/session sees only its own active outputs [24.15ms]
(pass) sqlite publication pages > keyset pages exhaust equal timestamps without duplicate or missing outputs and exclude revoked records [13.85ms]
(pass) sqlite publication pages > revoking the previous page boundary does not omit remaining outputs [52.94ms]
(pass) sqlite publication pages > Unicode cursor boundaries use byte ordering while committed publication IDs stay constrained [29.45ms]
(pass) sqlite publication pages > invalid limits and malformed cursor fields reject without changing stored outputs [34.19ms]
(pass) sqlite publication pages > archived organizations hide existing pages and point lookups [221.97ms]
(pass) sqlite publication pages > deleted session scope cannot resurrect publication pages when identifiers are reused [49.44ms]
(pass) sqlite publication pages > deleted profile scope cannot resurrect publication pages when identifiers are reused [45.38ms]
(pass) sqlite publication pages > listing preserves existing commit idempotency, conflicts, ordinal order and revocation behavior [18.88ms]
(pass) publication key comparison agrees with actual SQLite BINARY for Unicode and supplementary ID characters [0.98ms]

apps/server/src/services/selected-artifact-capture.test.ts:
(pass) captures explicit existing bytes with bound identity, size and digest while preserving source [529.45ms]
(pass) rejects noncanonical, hidden, sidecar, traversal and absolute selections [60.26ms]
(pass) rejects root/parent/final symlinks and hardlinked foreign files [275.48ms]
(pass) replacing the profile root cannot refresh the captured root authority [84.32ms]
(pass) directory rename and foreign symlink replacement after open returns no usable bytes [47.05ms]
(pass) directory rename and real foreign-directory replacement after open returns no usable bytes [42.51ms]
(pass) root replacement after its descriptor is opened returns no usable bytes [76.84ms]
(pass) an added hardlink after open fails the post-read identity check [50.08ms]
(pass) same-size mutation during a bounded multichunk read returns no partial bytes [52.81ms]
(pass) oversized files and cancelled requests never return captured bytes [82.54ms]
(pass) captures empty and exactly maximum-size regular files [617.12ms]
(pass) FIFO capture rejects without waiting for another process to open it [138.29ms]
(pass) renaming a parent away and back is detected even when its final inode matches [53.66ms]
(pass) file replacement after open cannot substitute a different selected file [64.00ms]
(pass) worker stdout and stderr overruns fail closed with no usable capture [112.60ms]
(pass) cancelling an in-flight worker waits for termination and returns no bytes [92.59ms]
(pass) the fixed deadline terminates a stalled worker [10009.39ms]

apps/server/src/services/artifact-publication-service.test.ts:
(pass) sqlite authoritative publication > overlapping sessions publish only their explicit captured bytes; workspace overwrite is harmless [34.93ms]
(pass) sqlite authoritative publication > failed completed operations and cancellation never publish staged outputs or delete user files [33.18ms]
(pass) sqlite authoritative publication > forged tool metadata cannot create, reassign or finalize publications [22.38ms]
(pass) sqlite authoritative publication > exact retries across controllers are idempotent; differing bytes, metadata or output sets conflict atomically [21.51ms]
(pass) sqlite authoritative publication > wrong scopes and guessed IDs fail; current authorization and revocation remain authoritative [19.68ms]
(pass) sqlite authoritative publication > uncertain post-commit DB error retries persistence without replaying producer [19.67ms]
(pass) sqlite authoritative publication > deleted and recreated sessions cannot resurrect old publication authority [17.02ms]
(pass) sqlite authoritative publication > blob staging failure preserves existing user output and cannot publish a partial set [26.34ms]
(pass) sqlite authoritative publication > repeated exact staging is idempotent and differing same-ordinal bytes conflict [16.79ms]
(pass) sqlite authoritative publication > a staging error cannot be ignored to commit only the other outputs [17.07ms]
(pass) sqlite authoritative publication > an insertion conflict rolls back every output and the execution reservation [22.30ms]
(pass) sqlite authoritative publication > unrestricted-host tampering is detected, never mislabeled immutable [21.77ms]
(pass) sqlite authoritative publication > revocation while a read is in flight blocks returned bytes [19.23ms]
(pass) sqlite authoritative publication > producer buffers are captured before await and private storage cannot overlap admitted roots [17.83ms]
(pass) memory authoritative publication > overlapping sessions publish only their explicit captured bytes; workspace overwrite is harmless [2.39ms]
(pass) memory authoritative publication > failed completed operations and cancellation never publish staged outputs or delete user files [3.53ms]
(pass) memory authoritative publication > forged tool metadata cannot create, reassign or finalize publications [1.33ms]
(pass) memory authoritative publication > exact retries across controllers are idempotent; differing bytes, metadata or output sets conflict atomically [2.78ms]
(pass) memory authoritative publication > wrong scopes and guessed IDs fail; current authorization and revocation remain authoritative [1.20ms]
(pass) memory authoritative publication > uncertain post-commit DB error retries persistence without replaying producer [1.20ms]
(pass) memory authoritative publication > deleted and recreated sessions cannot resurrect old publication authority [0.97ms]
(pass) memory authoritative publication > blob staging failure preserves existing user output and cannot publish a partial set [0.79ms]
(pass) memory authoritative publication > repeated exact staging is idempotent and differing same-ordinal bytes conflict [1.21ms]
(pass) memory authoritative publication > a staging error cannot be ignored to commit only the other outputs [0.88ms]
(pass) memory authoritative publication > an insertion conflict rolls back every output and the execution reservation [2.51ms]
(pass) memory authoritative publication > unrestricted-host tampering is detected, never mislabeled immutable [1.30ms]
(pass) memory authoritative publication > revocation while a read is in flight blocks returned bytes [1.03ms]
(pass) memory authoritative publication > producer buffers are captured before await and private storage cannot overlap admitted roots [1.03ms]
(pass) SQLite concurrent connections and restart preserve exact committed bytes and idempotency [32.29ms]

apps/server/src/services/selected-artifact-publication.test.ts:
(pass) memory: selected evidence commits distinctly and conflicts with generated relabeling [66.18ms]
(pass) memory: mixed finalization awaits reserved capture and exposes only the public evidence class [63.85ms]
(pass) memory: repeated selection and persistence retry retain one snapshot without rereading the file [66.68ms]
(pass) memory: separate explicit selection attempts deduplicate unchanged evidence and conflict after metadata change [214.39ms]
(pass) memory: failed selected capture poisons the mixed set and leaves original files intact [67.62ms]
(pass) memory: evidence-class collision on one ordinal poisons the whole set [69.05ms]
(pass) memory: DB refuses missing, forged, mismatched and excessive capture evidence [65.16ms]
(pass) memory: generated byte fingerprints and producer authority remain unchanged [2.08ms]
(pass) memory: current revocation during post-capture authorization denies all publication [71.09ms]
(pass) memory: selected storage failure preserves source and never automatically recaptures [70.01ms]
(pass) sqlite: selected evidence commits distinctly and conflicts with generated relabeling [91.33ms]
(pass) sqlite: mixed finalization awaits reserved capture and exposes only the public evidence class [95.78ms]
(pass) sqlite: repeated selection and persistence retry retain one snapshot without rereading the file [91.79ms]
(pass) sqlite: separate explicit selection attempts deduplicate unchanged evidence and conflict after metadata change [223.51ms]
(pass) sqlite: failed selected capture poisons the mixed set and leaves original files intact [76.66ms]
(pass) sqlite: evidence-class collision on one ordinal poisons the whole set [78.27ms]
(pass) sqlite: DB refuses missing, forged, mismatched and excessive capture evidence [76.01ms]
(pass) sqlite: generated byte fingerprints and producer authority remain unchanged [17.94ms]
(pass) sqlite: current revocation during post-capture authorization denies all publication [78.00ms]
(pass) sqlite: selected storage failure preserves source and never automatically recaptures [79.73ms]
(pass) strict publication paths reject before capture authorization and poison prior generated output [3.36ms]
(pass) the current signal reaches capture after anchoring and cancellation yields no usable publication [37.69ms]
(pass) revocation before selection prevents capture initialization [2.41ms]
(pass) pending mixed-set cancellation never commits an earlier generated output [1.92ms]
(pass) structured failed results discard selected outputs and preserve workspace files [72.51ms]
(pass) selection binds actual profile scope and ignores additional owner/root selectors [76.54ms]

 91 pass
 0 fail
 591 expect() calls
Ran 91 tests across 4 files. [16.79s]
