bun test v1.3.1 (89fa0f34)

apps/server/src/services/selected-artifact-publication.test.ts:
74 |         record.mimeType.length > 200 ||
75 |         !Number.isFinite(Date.parse(record.createdAt)) ||
76 |         record.revokedAt !== null ||
77 |         record.sourceEvidence !== "tool_output_bytes"
78 |       ) {
79 |         throw new Error("Invalid publication record.");
                       ^
error: Invalid publication record.
      at <anonymous> (/private/tmp/atlas-artifact-assembly-c5/source/packages/db/src/artifact-publication-identity.ts:79:19)
      at map (1:11)
      at publicationCommitFingerprint (/private/tmp/atlas-artifact-assembly-c5/source/packages/db/src/artifact-publication-identity.ts:58:6)
      at commitArtifactPublications (/private/tmp/atlas-artifact-assembly-c5/source/packages/db/src/artifact-publication-memory.ts:31:27)
      at commitArtifactPublications (/private/tmp/atlas-artifact-assembly-c5/source/packages/db/src/artifact-publication-memory.ts:30:38)
      at <anonymous> (/private/tmp/atlas-artifact-assembly-c5/source/apps/server/src/services/selected-artifact-publication.test.ts:62:23)
(fail) memory: selected evidence commits distinctly and conflicts with generated relabeling [102.45ms]
4990 | 
4991 |     async upsertSession(record) {
4992 |       if (!getProfileStmt.get(record.profileId)) {
4993 |         return;
4994 |       }
4995 |       upsertSessionStmt.run(
                               ^
SQLiteError: FOREIGN KEY constraint failed
      errno: 787,
 byteOffset: -1,
       code: "SQLITE_CONSTRAINT_FOREIGNKEY"

      at #run (bun:sqlite:185:20)
      at upsertSession (/private/tmp/atlas-artifact-assembly-c5/source/packages/db/src/adapters/sqlite.ts:4995:25)
      at upsertSession (/private/tmp/atlas-artifact-assembly-c5/source/packages/db/src/adapters/sqlite.ts:4991:25)
      at <anonymous> (/private/tmp/atlas-artifact-assembly-c5/source/apps/server/src/services/selected-artifact-publication.test.ts:34:16)
(fail) sqlite: selected evidence commits distinctly and conflicts with generated relabeling [27.14ms]

 0 pass
 2 fail
Ran 2 tests across 1 file. [878.00ms]
