bun test v1.3.1 (89fa0f34)

apps/server/src/services/selected-artifact-publication.test.ts:
(pass) memory: selected evidence commits distinctly and conflicts with generated relabeling [121.16ms]
(pass) memory: mixed finalization awaits reserved capture and exposes only the public evidence class [72.63ms]
(pass) memory: repeated selection and persistence retry retain one snapshot without rereading the file [67.28ms]
(pass) memory: separate explicit selection attempts deduplicate unchanged evidence and conflict after metadata change [193.19ms]
(pass) memory: failed selected capture poisons the mixed set and leaves original files intact [62.19ms]
(pass) memory: evidence-class collision on one ordinal poisons the whole set [63.40ms]
(pass) memory: DB refuses missing, forged, mismatched and excessive capture evidence [64.78ms]
(pass) memory: generated byte fingerprints and producer authority remain unchanged [2.33ms]
(pass) memory: current revocation during post-capture authorization denies all publication [61.55ms]
(pass) memory: selected storage failure preserves source and never automatically recaptures [64.86ms]
(pass) sqlite: selected evidence commits distinctly and conflicts with generated relabeling [88.07ms]
(pass) sqlite: mixed finalization awaits reserved capture and exposes only the public evidence class [78.17ms]
(pass) sqlite: repeated selection and persistence retry retain one snapshot without rereading the file [76.52ms]
(pass) sqlite: separate explicit selection attempts deduplicate unchanged evidence and conflict after metadata change [198.02ms]
(pass) sqlite: failed selected capture poisons the mixed set and leaves original files intact [84.04ms]
(pass) sqlite: evidence-class collision on one ordinal poisons the whole set [86.14ms]
(pass) sqlite: DB refuses missing, forged, mismatched and excessive capture evidence [85.57ms]
(pass) sqlite: generated byte fingerprints and producer authority remain unchanged [16.73ms]
(pass) sqlite: current revocation during post-capture authorization denies all publication [92.19ms]
(pass) sqlite: selected storage failure preserves source and never automatically recaptures [85.30ms]
(pass) strict publication paths reject before capture authorization and poison prior generated output [5.81ms]
(pass) the current signal reaches capture after anchoring and cancellation yields no usable publication [36.01ms]

 22 pass
 0 fail
 129 expect() calls
Ran 22 tests across 1 file. [2.48s]
